[htmldemo.net/suparsport/suparsport/index.html]
[backblue.gif]
[fade.gif]
[index.html]
[htmldemo.net/suparsport/suparsport/img/favicon.ico]
[htmldemo.net/suparsport/suparsport/css/montserrat.css]
[htmldemo.net/suparsport/suparsport/css/bootstrap.min.css]
[htmldemo.net/suparsport/suparsport/css/material-design-iconic-font.min.css]
[htmldemo.net/suparsport/suparsport/css/font-awesome.min.css]
[htmldemo.net/suparsport/suparsport/css/plugins.css]
[htmldemo.net/suparsport/suparsport/css/style.css]
[htmldemo.net/suparsport/suparsport/js/vendor/modernizr-2.8.3.min.js]
[htmldemo.net/suparsport/suparsport/img/logo.png]
[htmldemo.net/suparsport/suparsport/cart.html]
[htmldemo.net/suparsport/suparsport/about.html]
[htmldemo.net/suparsport/suparsport/team.html]
[htmldemo.net/suparsport/suparsport/fixture.html]
[htmldemo.net/suparsport/suparsport/point-table.html]
[htmldemo.net/suparsport/suparsport/blog.html]
[htmldemo.net/suparsport/suparsport/blog-details.html]
[htmldemo.net/suparsport/suparsport/shop.html]
[htmldemo.net/suparsport/suparsport/product-details.html]
[htmldemo.net/suparsport/suparsport/wishlist.html]
[htmldemo.net/suparsport/suparsport/checkout.html]
[htmldemo.net/suparsport/suparsport/contact.html]
[htmldemo.net/suparsport/suparsport/img/hero/1.jpg]
[htmldemo.net/suparsport/suparsport/img/hero/2.jpg]
[htmldemo.net/suparsport/suparsport/img/hero/3.jpg]
[htmldemo.net/suparsport/suparsport/img/about/1.jpg]
[htmldemo.net/suparsport/suparsport/img/result/team-1.png]
[htmldemo.net/suparsport/suparsport/img/result/team-2.png]
[htmldemo.net/suparsport/suparsport/img/next-match/team-1.png]
[htmldemo.net/suparsport/suparsport/img/next-match/team-2.png]
[htmldemo.net/suparsport/suparsport/img/staff/manager/1.jpg]
[htmldemo.net/suparsport/suparsport/img/staff/manager/2.jpg]
[htmldemo.net/suparsport/suparsport/img/staff/manager/3.jpg]
[htmldemo.net/suparsport/suparsport/img/staff/manager/4.jpg]
[htmldemo.net/suparsport/suparsport/img/staff/player/1.jpg]
[htmldemo.net/suparsport/suparsport/img/staff/player/2.jpg]
[htmldemo.net/suparsport/suparsport/img/staff/player/3.jpg]
[htmldemo.net/suparsport/suparsport/img/staff/player/4.jpg]
[htmldemo.net/suparsport/suparsport/img/staff/academy/1.jpg]
[htmldemo.net/suparsport/suparsport/img/staff/academy/2.jpg]
[htmldemo.net/suparsport/suparsport/img/staff/academy/3.jpg]
[htmldemo.net/suparsport/suparsport/img/staff/academy/4.jpg]
[htmldemo.net/suparsport/suparsport/img/product/1.jpg]
[htmldemo.net/suparsport/suparsport/img/product/2.jpg]
[htmldemo.net/suparsport/suparsport/img/product/3.jpg]
[htmldemo.net/suparsport/suparsport/img/product/4.jpg]
[htmldemo.net/suparsport/suparsport/img/gallery/big-1.jpg]
[htmldemo.net/suparsport/suparsport/img/gallery/1.jpg]
[htmldemo.net/suparsport/suparsport/img/gallery/big-2.jpg]
[htmldemo.net/suparsport/suparsport/img/gallery/2.jpg]
[htmldemo.net/suparsport/suparsport/img/gallery/big-3.jpg]
[htmldemo.net/suparsport/suparsport/img/gallery/3.jpg]
[htmldemo.net/suparsport/suparsport/img/gallery/big-4.jpg]
[htmldemo.net/suparsport/suparsport/img/gallery/4.jpg]
[htmldemo.net/suparsport/suparsport/img/gallery/big-5.jpg]
[htmldemo.net/suparsport/suparsport/img/gallery/5.jpg]
[htmldemo.net/suparsport/suparsport/img/gallery/big-6.jpg]
[htmldemo.net/suparsport/suparsport/img/gallery/6.jpg]
[htmldemo.net/suparsport/suparsport/img/blog/1.jpg]
[htmldemo.net/suparsport/suparsport/img/blog/2.jpg]
[htmldemo.net/suparsport/suparsport/img/blog/3.jpg]
[htmldemo.net/suparsport/suparsport/js/vendor/jquery-1.12.4.min.js]
[htmldemo.net/suparsport/suparsport/js/bootstrap.bundle.min.js]
[htmldemo.net/suparsport/suparsport/js/plugins.js]
[htmldemo.net/suparsport/suparsport/js/ajax-mail.js]
[htmldemo.net/suparsport/suparsport/index.html]
[htmldemo.net/suparsport/suparsport/js/main.js]
[htmldemo.net/suparsport/suparsport/fonts/montserrat/Montserrat-Thin.eot]
[htmldemo.net/suparsport/suparsport/fonts/montserrat/Montserrat-Thind41d.eot]
[htmldemo.net/suparsport/suparsport/fonts/montserrat/Montserrat-Thin.woff2]
[htmldemo.net/suparsport/suparsport/fonts/montserrat/Montserrat-Thin.woff]
[htmldemo.net/suparsport/suparsport/fonts/montserrat/Montserrat-Thin.ttf]
[htmldemo.net/suparsport/suparsport/fonts/montserrat/Montserrat-SemiBold.eot]
[htmldemo.net/suparsport/suparsport/fonts/montserrat/Montserrat-SemiBoldd41d.eot]
[htmldemo.net/suparsport/suparsport/fonts/montserrat/Montserrat-SemiBold.woff2]
[htmldemo.net/suparsport/suparsport/fonts/montserrat/Montserrat-SemiBold.woff]
[htmldemo.net/suparsport/suparsport/fonts/montserrat/Montserrat-SemiBold.ttf]
[htmldemo.net/suparsport/suparsport/fonts/montserrat/Montserrat-ExtraBold.eot]
[htmldemo.net/suparsport/suparsport/fonts/montserrat/Montserrat-ExtraBoldd41d.eot]
[htmldemo.net/suparsport/suparsport/fonts/montserrat/Montserrat-ExtraBold.woff2]
[htmldemo.net/suparsport/suparsport/fonts/montserrat/Montserrat-ExtraBold.woff]
[htmldemo.net/suparsport/suparsport/fonts/montserrat/Montserrat-ExtraBold.ttf]
[htmldemo.net/suparsport/suparsport/fonts/montserrat/Montserrat-Medium.eot]
[htmldemo.net/suparsport/suparsport/fonts/montserrat/Montserrat-Mediumd41d.eot]
[htmldemo.net/suparsport/suparsport/fonts/montserrat/Montserrat-Medium.woff2]
[htmldemo.net/suparsport/suparsport/fonts/montserrat/Montserrat-Medium.woff]
[htmldemo.net/suparsport/suparsport/fonts/montserrat/Montserrat-Medium.ttf]
[htmldemo.net/suparsport/suparsport/fonts/montserrat/Montserrat-Regular.eot]
[htmldemo.net/suparsport/suparsport/fonts/montserrat/Montserrat-Regulard41d.eot]
[htmldemo.net/suparsport/suparsport/fonts/montserrat/Montserrat-Regular.woff2]
[htmldemo.net/suparsport/suparsport/fonts/montserrat/Montserrat-Regular.woff]
[htmldemo.net/suparsport/suparsport/fonts/montserrat/Montserrat-Regular.ttf]
[htmldemo.net/suparsport/suparsport/fonts/montserrat/Montserrat-Light.eot]
[htmldemo.net/suparsport/suparsport/fonts/montserrat/Montserrat-Lightd41d.eot]
[htmldemo.net/suparsport/suparsport/fonts/montserrat/Montserrat-Light.woff2]
[htmldemo.net/suparsport/suparsport/fonts/montserrat/Montserrat-Light.woff]
[htmldemo.net/suparsport/suparsport/fonts/montserrat/Montserrat-Light.ttf]
[htmldemo.net/suparsport/suparsport/fonts/montserrat/Montserrat-Black.eot]
[htmldemo.net/suparsport/suparsport/fonts/montserrat/Montserrat-Blackd41d.eot]
[htmldemo.net/suparsport/suparsport/fonts/montserrat/Montserrat-Black.woff2]
[htmldemo.net/suparsport/suparsport/fonts/montserrat/Montserrat-Black.woff]
[htmldemo.net/suparsport/suparsport/fonts/montserrat/Montserrat-Black.ttf]
[htmldemo.net/suparsport/suparsport/fonts/montserrat/Montserrat-ExtraLight.eot]
[htmldemo.net/suparsport/suparsport/fonts/montserrat/Montserrat-ExtraLightd41d.eot]
[htmldemo.net/suparsport/suparsport/fonts/montserrat/Montserrat-ExtraLight.woff2]
[htmldemo.net/suparsport/suparsport/fonts/montserrat/Montserrat-ExtraLight.woff]
[htmldemo.net/suparsport/suparsport/fonts/montserrat/Montserrat-ExtraLight.ttf]
[htmldemo.net/suparsport/suparsport/fonts/montserrat/Montserrat-Bold.eot]
[htmldemo.net/suparsport/suparsport/fonts/montserrat/Montserrat-Boldd41d.eot]
[htmldemo.net/suparsport/suparsport/fonts/montserrat/Montserrat-Bold.woff2]
[htmldemo.net/suparsport/suparsport/fonts/montserrat/Montserrat-Bold.woff]
[htmldemo.net/suparsport/suparsport/fonts/montserrat/Montserrat-Bold.ttf]
[htmldemo.net/suparsport/suparsport/css/montserrat.css]
[htmldemo.net/suparsport/suparsport/css/bootstrap.min.css]
[htmldemo.net/suparsport/suparsport/fonts/Material-Design-Iconic-Fontd1f1.woff2]
[htmldemo.net/suparsport/suparsport/fonts/Material-Design-Iconic-Fontd1f1.woff]
[htmldemo.net/suparsport/suparsport/fonts/Material-Design-Iconic-Fontd1f1.ttf]
[htmldemo.net/suparsport/suparsport/css/material-design-iconic-font.min.css]
[htmldemo.net/suparsport/suparsport/fonts/fontawesome-webfont3e6e.eot]
[htmldemo.net/suparsport/suparsport/fonts/fontawesome-webfontd41d.eot]
[htmldemo.net/suparsport/suparsport/fonts/fontawesome-webfont3e6e.woff2]
[htmldemo.net/suparsport/suparsport/fonts/fontawesome-webfont3e6e.woff]
[htmldemo.net/suparsport/suparsport/fonts/fontawesome-webfont3e6e.ttf]
[htmldemo.net/suparsport/suparsport/css/font-awesome.min.css]
[htmldemo.net/suparsport/suparsport/css/plugins.css]
[htmldemo.net/suparsport/suparsport/fonts/fontawesome-webfont3e6e.svg]
[htmldemo.net/suparsport/suparsport/img/bg/page-banner.jpg]
[htmldemo.net/suparsport/suparsport/img/result/single-bg.jpg]
[htmldemo.net/suparsport/suparsport/img/result/border.png]
[htmldemo.net/suparsport/suparsport/img/next-match/bg.jpg]
[htmldemo.net/suparsport/suparsport/img/bg/funfact.jpg]
[htmldemo.net/suparsport/suparsport/img/bg/gallery.jpg]
[htmldemo.net/suparsport/suparsport/img/bg/video.jpg]
[htmldemo.net/suparsport/suparsport/img/bg/breaking-news.jpg]
[htmldemo.net/suparsport/suparsport/img/select-arrow-down.png]
[htmldemo.net/suparsport/suparsport/img/select-arrow-down-2.png]
[htmldemo.net/suparsport/suparsport/img/bg/achievement.jpg]
[htmldemo.net/suparsport/suparsport/img/bg/footer-left.jpg]
[htmldemo.net/suparsport/suparsport/css/style.css]
[htmldemo.net/suparsport/suparsport/cart.html]
[htmldemo.net/suparsport/suparsport/img/about/2.jpg]
[htmldemo.net/suparsport/suparsport/img/testimonial/1.jpg]
[htmldemo.net/suparsport/suparsport/img/testimonial/2.jpg]
[htmldemo.net/suparsport/suparsport/about.html]
[htmldemo.net/suparsport/suparsport/team.html]
[htmldemo.net/suparsport/suparsport/fixture.html]
[htmldemo.net/suparsport/suparsport/point-table.html]
[htmldemo.net/suparsport/suparsport/img/sidebar-post/1.jpg]
[htmldemo.net/suparsport/suparsport/img/sidebar-post/2.jpg]
[htmldemo.net/suparsport/suparsport/img/sidebar-post/3.jpg]
[htmldemo.net/suparsport/suparsport/blog.html]
[htmldemo.net/suparsport/suparsport/img/blog/single.jpg]
[htmldemo.net/suparsport/suparsport/img/comment/1.jpg]
[htmldemo.net/suparsport/suparsport/img/comment/2.jpg]
[htmldemo.net/suparsport/suparsport/img/comment/3.jpg]
[htmldemo.net/suparsport/suparsport/blog-details.html]
[htmldemo.net/suparsport/suparsport/shop.html]
[htmldemo.net/suparsport/suparsport/img/review/1.jpg]
[htmldemo.net/suparsport/suparsport/img/review/2.jpg]
[htmldemo.net/suparsport/suparsport/product-details.html]
[htmldemo.net/suparsport/suparsport/wishlist.html]
[htmldemo.net/suparsport/suparsport/checkout.html]
[htmldemo.net/suparsport/suparsport/contact.html]
[htmldemo.net/suparsport/suparsport/fonts/fontawesome-webfont3e6e.svg]
[htmldemo.net/suparsport/suparsport/js/map.js]
